Microchip MPLAB XC8 Compiler V2.32

Linker command line:

-W-3 --edf=C:\Program Files\Microchip\xc8\v2.32\pic\dat\en_msgs.txt -cn \
  -h+dist/default/production\Projeto.X.production.sym \
  --cmf=dist/default/production\Projeto.X.production.cmf -z -Q18F4520 \
  -oC:\Users\enzoc\AppData\Local\Temp\xcAsl6o.4 --defsym=__MPLAB_BUILD=1 \
  -Mdist/default/production/Projeto.X.production.map -E1 -ver=XC8 Compiler \
  --acfsm=1493 -ASTACK=0D0h-05FFh -pstack=STACK -ACODE=00h-07FFFh \
  -ACONST=00h-07FFFh -ASMALLCONST=0600h-06FFhx122 \
  -AMEDIUMCONST=0600h-07FFFh -ACOMRAM=01h-07Fh -AABS1=00h-05FFh \
  -ABIGRAM=01h-05FFh -ARAM=080h-0FFh,0100h-01FFhx5 -ABANK0=080h-0FFh \
  -ABANK1=0100h-01FFh -ABANK2=0200h-02FFh -ABANK3=0300h-03FFh \
  -ABANK4=0400h-04FFh -ABANK5=0500h-05FFh -ASFR=0F80h-0FFFh \
  -ACONFIG=0300000h-030000Dh -AIDLOC=0200000h-0200007h \
  -AEEDATA=0F00000h-0F000FFh -peeprom_data=EEDATA \
  -preset_vec=00h,intcode,intcodelo,powerup,init -pramtop=0600h \
  -psmallconst=SMALLCONST -pmediumconst=MEDIUMCONST -pconst=CONST \
  -AFARRAM=00h-00h \
  -prdata=COMRAM,nvrram=COMRAM,nvbit=COMRAM,rbss=COMRAM,rbit=COMRAM \
  -pfarbss=FARRAM,fardata=FARRAM,nvFARRAM=FARRAM \
  -pintsave_regs=BIGRAM,bigbss=BIGRAM,bigdata=BIGRAM -pbss=RAM \
  -pidata=CODE,irdata=CODE,ibigdata=CODE,ifardata=CODE -prparam=COMRAM \
  C:\Users\enzoc\AppData\Local\Temp\xcAsl6o.o \
  dist/default/production\Projeto.X.production.o 

Object code version is 3.11

Machine type is 18F4520



                Name                               Link     Load   Length Selector   Space Scale
C:\Users\enzoc\AppData\Local\Temp\xcAsl6o.o
                idloc                            200000   200000        8        0       5
                config                           300000   300000        E        0       4
                init                                  0        0        4        0       0
dist/default/production\Projeto.X.production.o
                idloc                            200000   200000        8        0       5
                config                           300000   300000        E        0       4
                smallconst                          600      600       98      300       0
                text34                             19DE     19DE      17A      34C       0
                text33                             28D2     28D2        A      34C       0
                text32                             289C     289C       18      34C       0
                text31                             2880     2880       1C      34C       0
                text30                             144C     144C      24E      34C       0
                text29                             23B2     23B2       7E      34C       0
                text28                             217C     217C       C4      34C       0
                text27                             2302     2302       B0      34C       0
                text26                             2764     2764       54      34C       0
                text25                             251C     251C       74      34C       0
                text24                             270E     270E       56      34C       0
                text23                             24A8     24A8       74      34C       0
                text22                             283E     283E       26      34C       0
                text21                             2590     2590       6C      34C       0
                text20                             169A     169A      1A4      34C       0
                text19                             28C8     28C8        A      34C       0
                text18                              698      698      4C0      34C       0
                text17                             1EBA     1EBA      104      34C       0
                text16                             25FC     25FC       64      34C       0
                text15                             11FE     11FE      24E      34C       0
                text14                             2430     2430       78      34C       0
                text13                             183E     183E      1A0      34C       0
                text12                             2660     2660       58      34C       0
                text11                             26B8     26B8       56      34C       0
                text10                             1B58     1B58      150      34C       0
                text9                              2240     2240       C2      34C       0
                text8                              1CA8     1CA8      10C      34C       0
                text7                              1FBE     1FBE       EC      34C       0
                text6                              1DB4     1DB4      106      34C       0
                text5                              28DC     28DC        8      34C       0
                text4                               F40      F40      2BE      34C       0
                text3                               B58      B58      3E8      34C       0
                text2                              20AA     20AA       D2      34C       0
                text1                              28B4     28B4       14      34C       0
                text0                              2864     2864       1C      34C       0
                cstackCOMRAM                          1        1       4A        1       1
                dataBANK0                            80       80       50       80       1
                bssCOMRAM                            4B       4B       20        1       1
                cinit                              2808     2808       36      34C       0
                idataBANK0                         27B8     27B8       50      34C       0

TOTAL           Name                               Link     Load   Length     Space
        CLASS   STACK          

        CLASS   CODE           
                init                                  0        0        4         0
                text34                             19DE     19DE      17A         0
                text33                             28D2     28D2        A         0
                text32                             289C     289C       18         0
                text31                             2880     2880       1C         0
                text30                             144C     144C      24E         0
                text29                             23B2     23B2       7E         0
                text28                             217C     217C       C4         0
                text27                             2302     2302       B0         0
                text26                             2764     2764       54         0
                text25                             251C     251C       74         0
                text24                             270E     270E       56         0
                text23                             24A8     24A8       74         0
                text22                             283E     283E       26         0
                text21                             2590     2590       6C         0
                text20                             169A     169A      1A4         0
                text19                             28C8     28C8        A         0
                text18                              698      698      4C0         0
                text17                             1EBA     1EBA      104         0
                text16                             25FC     25FC       64         0
                text15                             11FE     11FE      24E         0
                text14                             2430     2430       78         0
                text13                             183E     183E      1A0         0
                text12                             2660     2660       58         0
                text11                             26B8     26B8       56         0
                text10                             1B58     1B58      150         0
                text9                              2240     2240       C2         0
                text8                              1CA8     1CA8      10C         0
                text7                              1FBE     1FBE       EC         0
                text6                              1DB4     1DB4      106         0
                text5                              28DC     28DC        8         0
                text4                               F40      F40      2BE         0
                text3                               B58      B58      3E8         0
                text2                              20AA     20AA       D2         0
                text1                              28B4     28B4       14         0
                text0                              2864     2864       1C         0
                cinit                              2808     2808       36         0
                idataBANK0                         27B8     27B8       50         0

        CLASS   CONST          

        CLASS   SMALLCONST     
                smallconst                          600      600       98         0

        CLASS   MEDIUMCONST    

        CLASS   COMRAM         
                cstackCOMRAM                          1        1       4A         1
                bssCOMRAM                            4B       4B       20         1

        CLASS   ABS1           

        CLASS   BIGRAM         

        CLASS   RAM            

        CLASS   BANK0          
                dataBANK0                            80       80       50         1

        CLASS   BANK1          

        CLASS   BANK2          

        CLASS   BANK3          

        CLASS   BANK4          

        CLASS   BANK5          

        CLASS   SFR            

        CLASS   CONFIG         
                config                           300000   300000        E         4

        CLASS   IDLOC          
                idloc                            200000   200000        8         5

        CLASS   EEDATA         

        CLASS   FARRAM         



SEGMENTS        Name                           Load    Length   Top    Selector   Space  Class

                reset_vec                      000000  000004  000004         0       0  CODE    
                cstackCOMRAM                   000001  00006A  00006B         1       1  COMRAM  
                dataBANK0                      000080  000050  0000D0        80       1  BANK0   
                smallconst                     000600  000098  000698       300       0  SMALLCON
                text18                         000698  00224C  0028E4       34C       0  CODE    


UNUSED ADDRESS RANGES

        Name                Unused          Largest block    Delta
        BANK0            0000D0-0000FF               30
        BANK1            000100-0001FF              100
        BANK2            000200-0002FF              100
        BANK3            000300-0003FF              100
        BANK4            000400-0004FF              100
        BANK5            000500-0005FF              100
        BIGRAM           00006B-00007F               15
                         0000D0-0005FF              530
        CODE             000004-0005FF              5FC
                         0028E4-007FFF             571C
        COMRAM           00006B-00007F               15
        CONST            000004-0005FF              5FC
                         0028E4-007FFF             571C
        EEDATA           F00000-F000FF              100
        MEDIUMCONST      0028E4-007FFF             571C
        RAM              0000D0-0005FF              100
        SFR              000F80-000FFF               80
        SMALLCONST       0028E4-007FFF              100
        STACK            0000D0-0005FF              530

                                  Symbol Table

?___aldiv                cstackCOMRAM 000001
?___almod                cstackCOMRAM 00000F
?___awdiv                cstackCOMRAM 000001
?___awmod                cstackCOMRAM 00000B
?___fladd                cstackCOMRAM 000001
?___fltol                cstackCOMRAM 000001
?___lwdiv                cstackCOMRAM 000001
?___wmul                 cstackCOMRAM 000001
?_kpRead                 cstackCOMRAM 000001
Delay2ms@i               cstackCOMRAM 000002
Delay40us@i              cstackCOMRAM 000001
_Delay2ms                text31       002880
_Delay40us               text32       00289C
_PORTA                   (abs)        000F80
_PORTB                   (abs)        000F81
_PORTC                   (abs)        000F82
_PORTCbits               (abs)        000F82
_PORTD                   (abs)        000F83
_PORTE                   (abs)        000F84
_TRISA                   (abs)        000F92
_TRISB                   (abs)        000F93
_TRISC                   (abs)        000F94
_TRISCbits               (abs)        000F94
_TRISD                   (abs)        000F95
_TRISE                   (abs)        000F96
__HRAM                   (abs)        000000
__Habs1                  abs1         000000
__Hbank0                 bank0        000000
__Hbank1                 bank1        000000
__Hbank2                 bank2        000000
__Hbank3                 bank3        000000
__Hbank4                 bank4        000000
__Hbank5                 bank5        000000
__Hbigbss                bigbss       000000
__Hbigdata               bigdata      000000
__Hbigram                bigram       000000
__Hbss                   bss          000000
__HbssCOMRAM             bssCOMRAM    000000
__Hcinit                 cinit        000000
__Hclrtext               clrtext      000000
__Hcomram                comram       000000
__Hconfig                config       30000E
__Hconst                 const        000000
__HcstackCOMRAM          cstackCOMRAM 000000
__Hdata                  data         000000
__HdataBANK0             dataBANK0    000000
__Heeprom_data           eeprom_data  000000
__Hfarbss                farbss       000000
__Hfardata               fardata      000000
__Hibigdata              ibigdata     000000
__Hidata                 idata        000000
__HidataBANK0            idataBANK0   000000
__Hidloc                 idloc        200008
__Hifardata              ifardata     000000
__Hinit                  init         000004
__Hintcode               intcode      000000
__Hintcode_body          intcode_body 000000
__Hintcodelo             intcodelo    000000
__Hintentry              intentry     000000
__Hintret                intret       000000
__Hintsave_regs          intsave_regs 000000
__Hirdata                irdata       000000
__Hmediumconst           mediumconst  000000
__HnvFARRAM              nvFARRAM     000000
__Hnvbit                 nvbit        000000
__Hnvrram                nvrram       000000
__Hparam                 rparam       000000
__Hpowerup               powerup      000000
__Hram                   ram          000000
__Hramtop                ramtop       000600
__Hrbit                  rbit         000000
__Hrbss                  rbss         000000
__Hrdata                 rdata        000000
__Hreset_vec             reset_vec    000000
__Hrparam                rparam       000000
__Hsfr                   sfr          000000
__Hsmallconst            smallconst   000698
__Hspace_0               (abs)        0028E4
__Hspace_1               (abs)        0000D0
__Hspace_2               (abs)        000000
__Hspace_4               (abs)        60000E
__Hstack                 stack        000000
__Hstruct                struct       000000
__Htemp                  temp         000000
__Htext                  text         000000
__Htext0                 text0        000000
__Htext1                 text1        000000
__Htext10                text10       000000
__Htext11                text11       000000
__Htext12                text12       000000
__Htext13                text13       000000
__Htext14                text14       000000
__Htext15                text15       000000
__Htext16                text16       000000
__Htext17                text17       000000
__Htext18                text18       000000
__Htext19                text19       000000
__Htext2                 text2        000000
__Htext20                text20       000000
__Htext21                text21       000000
__Htext22                text22       000000
__Htext23                text23       000000
__Htext24                text24       000000
__Htext25                text25       000000
__Htext26                text26       000000
__Htext27                text27       000000
__Htext28                text28       000000
__Htext29                text29       000000
__Htext3                 text3        000000
__Htext30                text30       000000
__Htext31                text31       000000
__Htext32                text32       000000
__Htext33                text33       000000
__Htext34                text34       000000
__Htext4                 text4        000000
__Htext5                 text5        000000
__Htext6                 text6        000000
__Htext7                 text7        000000
__Htext8                 text8        000000
__Htext9                 text9        000000
__LRAM                   (abs)        000001
__Labs1                  abs1         000000
__Lbank0                 bank0        000000
__Lbank1                 bank1        000000
__Lbank2                 bank2        000000
__Lbank3                 bank3        000000
__Lbank4                 bank4        000000
__Lbank5                 bank5        000000
__Lbigbss                bigbss       000000
__Lbigdata               bigdata      000000
__Lbigram                bigram       000000
__Lbss                   bss          000000
__LbssCOMRAM             bssCOMRAM    000000
__Lcinit                 cinit        000000
__Lclrtext               clrtext      000000
__Lcomram                comram       000000
__Lconfig                config       000000
__Lconst                 const        000000
__LcstackCOMRAM          cstackCOMRAM 000000
__Ldata                  data         000000
__LdataBANK0             dataBANK0    000000
__Leeprom_data           eeprom_data  000000
__Lfarbss                farbss       000000
__Lfardata               fardata      000000
__Libigdata              ibigdata     000000
__Lidata                 idata        000000
__LidataBANK0            idataBANK0   000000
__Lidloc                 idloc        000000
__Lifardata              ifardata     000000
__Linit                  init         000000
__Lintcode               intcode      000000
__Lintcode_body          intcode_body 000000
__Lintcodelo             intcodelo    000000
__Lintentry              intentry     000000
__Lintret                intret       000000
__Lintsave_regs          intsave_regs 000000
__Lirdata                irdata       000000
__Lmediumconst           mediumconst  000000
__LnvFARRAM              nvFARRAM     000000
__Lnvbit                 nvbit        000000
__Lnvrram                nvrram       000000
__Lparam                 rparam       000000
__Lpowerup               powerup      000000
__Lram                   ram          000000
__Lramtop                ramtop       000600
__Lrbit                  rbit         000000
__Lrbss                  rbss         000000
__Lrdata                 rdata        000000
__Lreset_vec             reset_vec    000000
__Lrparam                rparam       000000
__Lsfr                   sfr          000000
__Lsmallconst            smallconst   000600
__Lspace_0               (abs)        000000
__Lspace_1               (abs)        000000
__Lspace_2               (abs)        000000
__Lspace_4               (abs)        000000
__Lstack                 stack        000000
__Lstruct                struct       000000
__Ltemp                  temp         000000
__Ltext                  text         000000
__Ltext0                 text0        000000
__Ltext1                 text1        000000
__Ltext10                text10       000000
__Ltext11                text11       000000
__Ltext12                text12       000000
__Ltext13                text13       000000
__Ltext14                text14       000000
__Ltext15                text15       000000
__Ltext16                text16       000000
__Ltext17                text17       000000
__Ltext18                text18       000000
__Ltext19                text19       000000
__Ltext2                 text2        000000
__Ltext20                text20       000000
__Ltext21                text21       000000
__Ltext22                text22       000000
__Ltext23                text23       000000
__Ltext24                text24       000000
__Ltext25                text25       000000
__Ltext26                text26       000000
__Ltext27                text27       000000
__Ltext28                text28       000000
__Ltext29                text29       000000
__Ltext3                 text3        000000
__Ltext30                text30       000000
__Ltext31                text31       000000
__Ltext32                text32       000000
__Ltext33                text33       000000
__Ltext34                text34       000000
__Ltext4                 text4        000000
__Ltext5                 text5        000000
__Ltext6                 text6        000000
__Ltext7                 text7        000000
__Ltext8                 text8        000000
__Ltext9                 text9        000000
__S0                     (abs)        0028E4
__S1                     (abs)        0000D0
__S2                     (abs)        000000
__S4                     (abs)        000000
__S5                     (abs)        000000
___aldiv                 text8        001CA8
___aldiv@counter         cstackCOMRAM 000009
___aldiv@dividend        cstackCOMRAM 000001
___aldiv@divisor         cstackCOMRAM 000005
___aldiv@quotient        cstackCOMRAM 00000B
___aldiv@sign            cstackCOMRAM 00000A
___almod                 text7        001FBE
___almod@counter         cstackCOMRAM 000017
___almod@dividend        cstackCOMRAM 00000F
___almod@divisor         cstackCOMRAM 000013
___almod@sign            cstackCOMRAM 000018
___awdiv                 text28       00217C
___awdiv@counter         cstackCOMRAM 000005
___awdiv@dividend        cstackCOMRAM 000001
___awdiv@divisor         cstackCOMRAM 000003
___awdiv@quotient        cstackCOMRAM 000007
___awdiv@sign            cstackCOMRAM 000006
___awmod                 text27       002302
___awmod@counter         cstackCOMRAM 00000F
___awmod@dividend        cstackCOMRAM 00000B
___awmod@divisor         cstackCOMRAM 00000D
___awmod@sign            cstackCOMRAM 000010
___fladd                 text18       000698
___fladd@a               cstackCOMRAM 000005
___fladd@aexp            cstackCOMRAM 00000E
___fladd@b               cstackCOMRAM 000001
___fladd@bexp            cstackCOMRAM 00000F
___fladd@grs             cstackCOMRAM 000010
___fladd@signs           cstackCOMRAM 00000D
___flge                  text17       001EBA
___flge@ff1              cstackCOMRAM 000001
___flge@ff2              cstackCOMRAM 000005
___fltol                 text6        001DB4
___fltol@exp1            cstackCOMRAM 00000A
___fltol@f1              cstackCOMRAM 000001
___fltol@sign1           cstackCOMRAM 000009
___inthi_sp              stack        000000
___intlo_sp              stack        000000
___lwdiv                 text23       0024A8
___lwdiv@counter         cstackCOMRAM 000007
___lwdiv@dividend        cstackCOMRAM 000001
___lwdiv@divisor         cstackCOMRAM 000003
___lwdiv@quotient        cstackCOMRAM 000005
___param_bank            (abs)        000000
___rparam_used           (abs)        000001
___sp                    stack        000000
___wmul                  text22       00283E
___wmul@multiplicand     cstackCOMRAM 000003
___wmul@multiplier       cstackCOMRAM 000001
___wmul@product          cstackCOMRAM 000005
__accesstop              (abs)        000080
__activetblptr           (abs)        000002
__end_of_Delay2ms        text31       00289C
__end_of_Delay40us       text32       0028B4
__end_of___aldiv         text8        001DB4
__end_of___almod         text7        0020AA
__end_of___awdiv         text28       002240
__end_of___awmod         text27       0023B2
__end_of___fladd         text18       000B58
__end_of___flge          text17       001FBE
__end_of___fltol         text6        001EBA
__end_of___lwdiv         text23       00251C
__end_of___wmul          text22       002864
__end_of__initialization cinit        002834
__end_of_atraso_ms       text16       002660
__end_of_contagem        text4        0011FE
__end_of_digitalWrite    text30       00169A
__end_of_kpDebounce      text34       001B58
__end_of_kpInit          text19       0028D2
__end_of_kpRead          text33       0028DC
__end_of_lcdCommand      text29       002430
__end_of_lcdData         text26       0027B8
__end_of_lcdInit         text14       0024A8
__end_of_lcdNumber       text25       002590
__end_of_lcdString       text24       002764
__end_of_main            text0        002880
__end_of_menu            text2        00217C
__end_of_menuLigando     text13       0019DE
__end_of_pinMode         text15       00144C
__end_of_potencia        text20       00183E
__end_of_pwmInit         text1        0028C8
__end_of_pwmSet1         text21       0025FC
__end_of_ssdDigit        text12       0026B8
__end_of_ssdInit         text11       00270E
__end_of_ssdUpdate       text10       001CA8
__end_of_standBy         text9        002302
__end_of_timer           text3        000F40
__end_of_timerInit       text5        0028E4
__end_of_valor@ssd$F170  smallconst   000611
__initialization         cinit        002808
__mediumconst            mediumconst  000000
__pbssCOMRAM             bssCOMRAM    00004B
__pcinit                 cinit        002808
__pcstackCOMRAM          cstackCOMRAM 000001
__pdataBANK0             dataBANK0    000080
__pidataBANK0            idataBANK0   0027B8
__psmallconst            smallconst   000600
__ptext0                 text0        002864
__ptext1                 text1        0028B4
__ptext10                text10       001B58
__ptext11                text11       0026B8
__ptext12                text12       002660
__ptext13                text13       00183E
__ptext14                text14       002430
__ptext15                text15       0011FE
__ptext16                text16       0025FC
__ptext17                text17       001EBA
__ptext18                text18       000698
__ptext19                text19       0028C8
__ptext2                 text2        0020AA
__ptext20                text20       00169A
__ptext21                text21       002590
__ptext22                text22       00283E
__ptext23                text23       0024A8
__ptext24                text24       00270E
__ptext25                text25       00251C
__ptext26                text26       002764
__ptext27                text27       002302
__ptext28                text28       00217C
__ptext29                text29       0023B2
__ptext3                 text3        000B58
__ptext30                text30       00144C
__ptext31                text31       002880
__ptext32                text32       00289C
__ptext33                text33       0028D2
__ptext34                text34       0019DE
__ptext4                 text4        000F40
__ptext5                 text5        0028DC
__ptext6                 text6        001DB4
__ptext7                 text7        001FBE
__ptext8                 text8        001CA8
__ptext9                 text9        002240
__ramtop                 ramtop       000600
__size_of_Delay2ms       (abs)        000000
__size_of_Delay40us      (abs)        000000
__size_of___aldiv        (abs)        000000
__size_of___almod        (abs)        000000
__size_of___awdiv        (abs)        000000
__size_of___awmod        (abs)        000000
__size_of___fladd        (abs)        000000
__size_of___flge         (abs)        000000
__size_of___fltol        (abs)        000000
__size_of___lwdiv        (abs)        000000
__size_of___wmul         (abs)        000000
__size_of_atraso_ms      (abs)        000000
__size_of_contagem       (abs)        000000
__size_of_digitalWrite   (abs)        000000
__size_of_kpDebounce     (abs)        000000
__size_of_kpInit         (abs)        000000
__size_of_kpRead         (abs)        000000
__size_of_lcdCommand     (abs)        000000
__size_of_lcdData        (abs)        000000
__size_of_lcdInit        (abs)        000000
__size_of_lcdNumber      (abs)        000000
__size_of_lcdString      (abs)        000000
__size_of_main           (abs)        000000
__size_of_menu           (abs)        000000
__size_of_menuLigando    (abs)        000000
__size_of_pinMode        (abs)        000000
__size_of_potencia       (abs)        000000
__size_of_pwmInit        (abs)        000000
__size_of_pwmSet1        (abs)        000000
__size_of_ssdDigit       (abs)        000000
__size_of_ssdInit        (abs)        000000
__size_of_ssdUpdate      (abs)        000000
__size_of_standBy        (abs)        000000
__size_of_timer          (abs)        000000
__size_of_timerInit      (abs)        000000
__smallconst             smallconst   000600
_atraso_ms               text16       0025FC
_contagem                text4        000F40
_date                    bssCOMRAM    000055
_digitalWrite            text30       00144C
_display                 bssCOMRAM    000069
_kpDebounce              text34       0019DE
_kpInit                  text19       0028C8
_kpRead                  text33       0028D2
_lcdCommand              text29       0023B2
_lcdData                 text26       002764
_lcdInit                 text14       002430
_lcdNumber               text25       00251C
_lcdString               text24       00270E
_main                    text0        002864
_menu                    text2        0020AA
_menuLigando             text13       00183E
_pinMode                 text15       0011FE
_potencia                text20       00169A
_pwmInit                 text1        0028B4
_pwmSet1                 text21       002590
_ssdDigit                text12       002660
_ssdInit                 text11       0026B8
_ssdUpdate               text10       001B58
_standBy                 text9        002240
_time                    bssCOMRAM    00004B
_timer                   text3        000B58
_timerInit               text5        0028DC
_v0                      bssCOMRAM    000068
_v1                      bssCOMRAM    000067
_v2                      bssCOMRAM    000066
_v3                      bssCOMRAM    000065
_valor                   bssCOMRAM    000063
_valor@ssd$F170          smallconst   000601
atraso_ms@i              cstackCOMRAM 000003
atraso_ms@j              cstackCOMRAM 000005
atraso_ms@k              cstackCOMRAM 000006
atraso_ms@t              cstackCOMRAM 000001
contagem@cont            cstackCOMRAM 000029
contagem@dMin            cstackCOMRAM 00001B
contagem@dSeg            cstackCOMRAM 00001F
contagem@i               cstackCOMRAM 000025
contagem@min             cstackCOMRAM 00001D
contagem@seg             cstackCOMRAM 000021
digitalWrite@pin         cstackCOMRAM 000001
digitalWrite@value       cstackCOMRAM 000003
end_of_initialization    cinit        002834
intlevel0                text         000000
intlevel1                text         000000
intlevel2                text         000000
intlevel3                text         000000
isa$std                  (abs)        000001
isa$xinst                (abs)        000000
kpDebounce@i             cstackCOMRAM 00000A
kpDebounce@j             cstackCOMRAM 000009
kpDebounce@k             cstackCOMRAM 000007
kpDebounce@old_D         cstackCOMRAM 000006
kpDebounce@tempo         bssCOMRAM    00006A
kpDebounce@valorAntigo   bssCOMRAM    00005F
kpDebounce@valorNovo     bssCOMRAM    000061
lcdCommand@cmd           cstackCOMRAM 000008
lcdCommand@old_D         cstackCOMRAM 000007
lcdData@old_D            cstackCOMRAM 000008
lcdData@valor            cstackCOMRAM 000007
lcdNumber@i              cstackCOMRAM 000013
lcdNumber@value          cstackCOMRAM 000011
lcdString@i              cstackCOMRAM 00000D
lcdString@msg            cstackCOMRAM 000009
menu@tecla               cstackCOMRAM 000049
menuLigando@F43          dataBANK0    000080
menuLigando@i            cstackCOMRAM 000045
menuLigando@j            cstackCOMRAM 000041
menuLigando@logo         cstackCOMRAM 000011
pinMode@pin              cstackCOMRAM 000001
pinMode@type             cstackCOMRAM 000003
potencia@F49             dataBANK0    0000B0
potencia@i               cstackCOMRAM 000035
potencia@porcentagem     cstackCOMRAM 000015
potencia@ptc             cstackCOMRAM 000039
potencia@tecla           cstackCOMRAM 000037
pwmSet1@porcento         cstackCOMRAM 00000A
pwmSet1@val              cstackCOMRAM 00000B
ssdDigit@pos             cstackCOMRAM 000019
ssdDigit@val             cstackCOMRAM 00001A
stackhi                  (abs)        0005FF
stacklo                  (abs)        0000D0
standBy@tecla            cstackCOMRAM 000047
start                    init         000000
start_initialization     cinit        002808
timer@dMin               cstackCOMRAM 000031
timer@dSeg               cstackCOMRAM 000035
timer@j                  cstackCOMRAM 00002D
timer@min                cstackCOMRAM 000033
timer@seg                cstackCOMRAM 000037
timer@tecla              cstackCOMRAM 000039


MODULE INFORMATION

Module		Function		Class		Link	Load	Size
ssd.c
		_ssdInit       		CODE           	26B8	0000	86
		_ssdDigit      		CODE           	2660	0000	88
		_ssdUpdate     		CODE           	1B58	0000	336

ssd.c estimated size: 510

C:\Program Files\Microchip\xc8\v2.32\pic\sources\c99\common\awdiv.c
		___awdiv       		CODE           	217C	0000	196

C:\Program Files\Microchip\xc8\v2.32\pic\sources\c99\common\awdiv.c estimated size: 196

C:\Program Files\Microchip\xc8\v2.32\pic\sources\c99\common\sprcadd.c
		___fladd       		CODE           	0698	0000	1216

C:\Program Files\Microchip\xc8\v2.32\pic\sources\c99\common\sprcadd.c estimated size: 1216

delay.c
		_atraso_ms     		CODE           	25FC	0000	100

delay.c estimated size: 100

C:\Program Files\Microchip\xc8\v2.32\pic\sources\c99\common\aldiv.c
		___aldiv       		CODE           	1CA8	0000	268

C:\Program Files\Microchip\xc8\v2.32\pic\sources\c99\common\aldiv.c estimated size: 268

funcoes.c
		_menu          		CODE           	20AA	0000	210
		_menuLigando   		CODE           	183E	0000	416
		_potencia      		CODE           	169A	0000	420
		_timer         		CODE           	0B58	0000	1000
		_standBy       		CODE           	2240	0000	194
		_contagem      		CODE           	0F40	0000	702

funcoes.c estimated size: 2942

keypad.c
		_kpInit        		CODE           	28C8	0000	10
		_kpDebounce    		CODE           	19DE	0000	378
		_kpRead        		CODE           	28D2	0000	10

keypad.c estimated size: 398

io.c
		_digitalWrite  		CODE           	144C	0000	590
		_pinMode       		CODE           	11FE	0000	590

io.c estimated size: 1180

timer.c
		_timerInit     		CODE           	28DC	0000	8

timer.c estimated size: 8

pwm.c
		_pwmInit       		CODE           	28B4	0000	20
		_pwmSet1       		CODE           	2590	0000	108

pwm.c estimated size: 128

C:\Program Files\Microchip\xc8\v2.32\pic\sources\c99\common\Umul16.c
		___wmul        		CODE           	283E	0000	38

C:\Program Files\Microchip\xc8\v2.32\pic\sources\c99\common\Umul16.c estimated size: 38

shared
		_valor@ssd$F170		SMALLCONST     	0601	0000	16
		__initialization		CODE           	2808	0000	44

shared estimated size: 60

C:\Program Files\Microchip\xc8\v2.32\pic\sources\c99\common\awmod.c
		___awmod       		CODE           	2302	0000	176

C:\Program Files\Microchip\xc8\v2.32\pic\sources\c99\common\awmod.c estimated size: 176

C:\Program Files\Microchip\xc8\v2.32\pic\sources\c99\common\almod.c
		___almod       		CODE           	1FBE	0000	236

C:\Program Files\Microchip\xc8\v2.32\pic\sources\c99\common\almod.c estimated size: 236

C:\Program Files\Microchip\xc8\v2.32\pic\sources\c99\common\lwdiv.c
		___lwdiv       		CODE           	24A8	0000	116

C:\Program Files\Microchip\xc8\v2.32\pic\sources\c99\common\lwdiv.c estimated size: 116

lcd.c
		_lcdCommand    		CODE           	23B2	0000	126
		_lcdString     		CODE           	270E	0000	86
		_lcdNumber     		CODE           	251C	0000	116
		_Delay40us     		CODE           	289C	0000	24
		_lcdInit       		CODE           	2430	0000	120
		_lcdData       		CODE           	2764	0000	84
		_Delay2ms      		CODE           	2880	0000	28

lcd.c estimated size: 584

C:\Program Files\Microchip\xc8\v2.32\pic\sources\c99\common\fltol.c
		___fltol       		CODE           	1DB4	0000	262

C:\Program Files\Microchip\xc8\v2.32\pic\sources\c99\common\fltol.c estimated size: 262

main.c
		_main          		CODE           	2864	0000	28

main.c estimated size: 28

C:\Program Files\Microchip\xc8\v2.32\pic\sources\c99\common\flge.c
		___flge        		CODE           	1EBA	0000	260

C:\Program Files\Microchip\xc8\v2.32\pic\sources\c99\common\flge.c estimated size: 260

